../Core/Src/main.c:58:6:HAL_GPIO_EXTI_Callback	24	static,ignoring_inline_asm
../Core/Src/main.c:101:5:main	48	static
../Core/Src/main.c:204:6:SystemClock_Config	88	static
../Core/Src/main.c:252:13:MX_I2C1_Init	8	static
../Core/Src/main.c:286:13:MX_RTC_Init	32	static
../Core/Src/main.c:349:13:MX_USART1_UART_Init	8	static
../Core/Src/main.c:382:13:MX_GPIO_Init	40	static
../Core/Src/main.c:421:6:TaskSensor	40	static
../Core/Src/main.c:430:6:TaskButton	48	static
../Core/Src/main.c:442:6:TaskUart	40	static
../Core/Src/main.c:451:6:TaskLed	16	static
../Core/Src/main.c:469:6:StartDefaultTask	16	static
../Core/Src/main.c:488:6:HAL_TIM_PeriodElapsedCallback	16	static
../Core/Src/main.c:506:6:Error_Handler	4	static,ignoring_inline_asm
